this is err
this is out
this is dbg
this is err: 1
this is out: 2
this is dbg: 3
hel
hell
hello
